
Circuit 1 cell pfet_03v3 and Circuit 2 cell pfet_03v3 are black boxes.
Warning: Equate pins:  cell pfet_03v3 is a placeholder, treated as a black box.
Warning: Equate pins:  cell pfet_03v3 is a placeholder, treated as a black box.

Subcircuit pins:
Circuit 1: pfet_03v3                       |Circuit 2: pfet_03v3                       
-------------------------------------------|-------------------------------------------
1                                          |1                                          
2                                          |2                                          
3                                          |3                                          
4                                          |4                                          
---------------------------------------------------------------------------------------
Cell pin lists are equivalent.
Device classes pfet_03v3 and pfet_03v3 are equivalent.

Circuit 1 cell nfet_03v3 and Circuit 2 cell nfet_03v3 are black boxes.
Warning: Equate pins:  cell nfet_03v3 is a placeholder, treated as a black box.
Warning: Equate pins:  cell nfet_03v3 is a placeholder, treated as a black box.

Subcircuit pins:
Circuit 1: nfet_03v3                       |Circuit 2: nfet_03v3                       
-------------------------------------------|-------------------------------------------
1                                          |1                                          
2                                          |2                                          
3                                          |3                                          
4                                          |4                                          
---------------------------------------------------------------------------------------
Cell pin lists are equivalent.
Device classes nfet_03v3 and nfet_03v3 are equivalent.
Flattening unmatched subcell pfet_03v3_7DYXYB in circuit comparator (0)(7 instances)
Flattening unmatched subcell nfet_03v3_X7Z8VV in circuit comparator (0)(3 instances)
Flattening unmatched subcell pfet_03v3_QPXSGW in circuit comparator (0)(1 instance)

Subcircuit summary:
Circuit 1: comparator                      |Circuit 2: COMPARATOR_SD                   
-------------------------------------------|-------------------------------------------
pfet_03v3 (10)                             |pfet_03v3 (10)                             
nfet_03v3 (4)                              |nfet_03v3 (4)                              
Number of devices: 14                      |Number of devices: 14                      
Number of nets: 13                         |Number of nets: 13                         
---------------------------------------------------------------------------------------
Resolving symmetries by property value.
Resolving symmetries by pin name.
Netlists match uniquely.

Subcircuit pins:
Circuit 1: comparator                      |Circuit 2: COMPARATOR_SD                   
-------------------------------------------|-------------------------------------------
VSS                                        |VSS                                        
VIN_C                                      |VIN_C                                      
VREF_C                                     |VREF_C                                     
VDD                                        |VDD                                        
CLK                                        |CLK                                        
VOUT                                       |VOUT                                       
---------------------------------------------------------------------------------------
Cell pin lists are equivalent.
Device classes comparator and COMPARATOR_SD are equivalent.

Final result: Circuits match uniquely.
.
