
Circuit 1 cell pfet_03v3 and Circuit 2 cell pfet_03v3 are black boxes.
Warning: Equate pins:  cell pfet_03v3 is a placeholder, treated as a black box.
Warning: Equate pins:  cell pfet_03v3 is a placeholder, treated as a black box.

Subcircuit pins:
Circuit 1: pfet_03v3                       |Circuit 2: pfet_03v3                       
-------------------------------------------|-------------------------------------------
1                                          |1                                          
2                                          |2                                          
3                                          |3                                          
4                                          |4                                          
---------------------------------------------------------------------------------------
Cell pin lists are equivalent.
Device classes pfet_03v3 and pfet_03v3 are equivalent.

Circuit 1 cell nfet_03v3 and Circuit 2 cell nfet_03v3 are black boxes.
Warning: Equate pins:  cell nfet_03v3 is a placeholder, treated as a black box.
Warning: Equate pins:  cell nfet_03v3 is a placeholder, treated as a black box.

Subcircuit pins:
Circuit 1: nfet_03v3                       |Circuit 2: nfet_03v3                       
-------------------------------------------|-------------------------------------------
1                                          |1                                          
2                                          |2                                          
3                                          |3                                          
4                                          |4                                          
---------------------------------------------------------------------------------------
Cell pin lists are equivalent.
Device classes nfet_03v3 and nfet_03v3 are equivalent.

Class fullydiffamp (0):  Merged 1 parallel devices.
Class fullydiffamp (1):  Merged 1 parallel devices.
Subcircuit summary:
Circuit 1: fullydiffamp                    |Circuit 2: fullydiffamp                    
-------------------------------------------|-------------------------------------------
pfet_03v3 (6)                              |pfet_03v3 (6)                              
nfet_03v3 (8->7)                           |nfet_03v3 (8->7)                           
Number of devices: 13                      |Number of devices: 13                      
Number of nets: 11                         |Number of nets: 11                         
---------------------------------------------------------------------------------------
Resolving symmetries by property value.
Resolving symmetries by pin name.
Netlists match uniquely.

Subcircuit pins:
Circuit 1: fullydiffamp                    |Circuit 2: fullydiffamp                    
-------------------------------------------|-------------------------------------------
VSS                                        |VSS                                        
Vbiasn                                     |Vbiasn                                     
Vp                                         |Vp                                         
Vm                                         |Vm                                         
Vbiasp                                     |Vbiasp                                     
VDD                                        |VDD                                        
Vop                                        |Vop                                        
Vom                                        |Vom                                        
---------------------------------------------------------------------------------------
Cell pin lists are equivalent.
Device classes fullydiffamp and fullydiffamp are equivalent.

Final result: Circuits match uniquely.
.
