
Circuit 1 cell nfet_03v3 and Circuit 2 cell nfet_03v3 are black boxes.
Warning: Equate pins:  cell nfet_03v3 is a placeholder, treated as a black box.
Warning: Equate pins:  cell nfet_03v3 is a placeholder, treated as a black box.

Subcircuit pins:
Circuit 1: nfet_03v3                       |Circuit 2: nfet_03v3                       
-------------------------------------------|-------------------------------------------
1                                          |1                                          
2                                          |2                                          
3                                          |3                                          
4                                          |4                                          
---------------------------------------------------------------------------------------
Cell pin lists are equivalent.
Device classes nfet_03v3 and nfet_03v3 are equivalent.

Circuit 1 cell cap_mim_2f0_m4m5_noshield and Circuit 2 cell cap_mim_2f0_m4m5_noshield are black boxes.
Warning: Equate pins:  cell cap_mim_2f0_m4m5_noshield is a placeholder, treated as a black box.
Warning: Equate pins:  cell cap_mim_2f0_m4m5_noshield is a placeholder, treated as a black box.

Subcircuit pins:
Circuit 1: cap_mim_2f0_m4m5_noshield       |Circuit 2: cap_mim_2f0_m4m5_noshield       
-------------------------------------------|-------------------------------------------
1                                          |1                                          
2                                          |2                                          
---------------------------------------------------------------------------------------
Cell pin lists are equivalent.
Device classes cap_mim_2f0_m4m5_noshield and cap_mim_2f0_m4m5_noshield are equivalent.
Flattening unmatched subcell nfet_03v3_W5YWFC in circuit integrator (0)(8 instances)
Flattening unmatched subcell cap_mim_2p0fF_3RDREM in circuit integrator (0)(2 instances)
Flattening unmatched subcell cap_mim_2p0fF_Y6V987 in circuit integrator (0)(2 instances)

Subcircuit summary:
Circuit 1: integrator                      |Circuit 2: integrator                      
-------------------------------------------|-------------------------------------------
nfet_03v3 (8)                              |nfet_03v3 (8)                              
cap_mim_2f0_m4m5_noshield (4)              |cap_mim_2f0_m4m5_noshield (4)              
Number of devices: 12                      |Number of devices: 12                      
Number of nets: 12                         |Number of nets: 12                         
---------------------------------------------------------------------------------------
Resolving symmetries by property value.
Resolving symmetries by pin name.
Netlists match uniquely.

Subcircuit pins:
Circuit 1: integrator                      |Circuit 2: integrator                      
-------------------------------------------|-------------------------------------------
Vinp                                       |Vinp                                       
Vinn                                       |Vinn                                       
Voutp                                      |Voutp                                      
Voutn                                      |Voutn                                      
VSS                                        |VSS                                        
gnd                                        |gnd                                        
clk1                                       |clk1                                       
clk2                                       |clk2                                       
---------------------------------------------------------------------------------------
Cell pin lists are equivalent.
Device classes integrator and integrator are equivalent.

Final result: Circuits match uniquely.
.
