
Circuit 1 cell nfet_03v3 and Circuit 2 cell nfet_03v3 are black boxes.
Warning: Equate pins:  cell nfet_03v3 is a placeholder, treated as a black box.
Warning: Equate pins:  cell nfet_03v3 is a placeholder, treated as a black box.

Subcircuit pins:
Circuit 1: nfet_03v3                       |Circuit 2: nfet_03v3                       
-------------------------------------------|-------------------------------------------
1                                          |1                                          
2                                          |2                                          
3                                          |3                                          
4                                          |4                                          
---------------------------------------------------------------------------------------
Cell pin lists are equivalent.
Device classes nfet_03v3 and nfet_03v3 are equivalent.

Circuit 1 cell cap_mim_2f0_m4m5_noshield and Circuit 2 cell cap_mim_2f0fF are black boxes.
Warning: Equate pins:  cell cap_mim_2f0_m4m5_noshield is a placeholder, treated as a black box.
Warning: Equate pins:  cell cap_mim_2f0fF is a placeholder, treated as a black box.

Subcircuit pins:
Circuit 1: cap_mim_2f0_m4m5_noshield       |Circuit 2: cap_mim_2f0fF                   
-------------------------------------------|-------------------------------------------
1                                          |1                                          
2                                          |2                                          
---------------------------------------------------------------------------------------
Cell pin lists are equivalent.
Device classes cap_mim_2f0_m4m5_noshield and cap_mim_2f0fF are equivalent.
Flattening unmatched subcell nfet_03v3_7X6UHZ in circuit integrator (0)(8 instances)
Flattening unmatched subcell cap_mim_2p0fF_5GVGCQ in circuit integrator (0)(2 instances)

Subcircuit summary:
Circuit 1: integrator                      |Circuit 2: integrator                      
-------------------------------------------|-------------------------------------------
nfet_03v3 (8)                              |nfet_03v3 (8)                              
cap_mim_2f0_m4m5_noshield (2)              |cap_mim_2f0fF (2)                          
Number of devices: 10                      |Number of devices: 10                      
Number of nets: 13                         |Number of nets: 13                         
---------------------------------------------------------------------------------------
Resolving symmetries by property value.
Resolving symmetries by pin name.
Netlists match uniquely.

Subcircuit pins:
Circuit 1: integrator                      |Circuit 2: integrator                      
-------------------------------------------|-------------------------------------------
clk2                                       |clk2                                       
clk1                                       |clk1                                       
Vin+                                       |Vin+                                       
Vin-                                       |Vin-                                       
---------------------------------------------------------------------------------------
Cell pin lists are equivalent.
Device classes integrator and integrator are equivalent.

Final result: Circuits match uniquely.
.
